Archive member included because of file (symbol)

c:/software/electronica/arm/eclipsearm/sourcery-g++-lite-arm-2011.03/bin/../lib/gcc/arm-none-eabi/4.5.2\libgcc.a(_divsi3.o)
                              ./utils.o (__aeabi_idiv)
c:/software/electronica/arm/eclipsearm/sourcery-g++-lite-arm-2011.03/bin/../lib/gcc/arm-none-eabi/4.5.2\libgcc.a(_dvmd_tls.o)
                              c:/software/electronica/arm/eclipsearm/sourcery-g++-lite-arm-2011.03/bin/../lib/gcc/arm-none-eabi/4.5.2\libgcc.a(_divsi3.o) (__aeabi_idiv0)

Memory Configuration

Name             Origin             Length             Attributes
*default*        0x00000000         0xffffffff

Linker script and memory map

LOAD ./D8Led.o
LOAD ./gpio.o
LOAD ./init.o
LOAD ./intcontroller.o
LOAD ./leds.o
LOAD ./main.o
LOAD ./timer.o
LOAD ./utils.o
START GROUP
LOAD c:/software/electronica/arm/eclipsearm/sourcery-g++-lite-arm-2011.03/bin/../lib/gcc/arm-none-eabi/4.5.2\libgcc.a
LOAD c:/software/electronica/arm/eclipsearm/sourcery-g++-lite-arm-2011.03/bin/../lib/gcc/arm-none-eabi/4.5.2/../../../../arm-none-eabi/lib\libc.a
END GROUP
                0x0c100000                . = 0xc100000

.data           0x0c100000       0x74
 *(.data*)
 .data          0x0c100000       0x60 ./D8Led.o
 .data          0x0c100060        0x0 ./gpio.o
 .data          0x0c100060        0x0 ./init.o
 .data          0x0c100060        0x0 ./intcontroller.o
 .data          0x0c100060        0x0 ./leds.o
 .data          0x0c100060       0x10 ./main.o
 .data          0x0c100070        0x0 ./timer.o
 .data          0x0c100070        0x4 ./utils.o
 .data          0x0c100074        0x0 c:/software/electronica/arm/eclipsearm/sourcery-g++-lite-arm-2011.03/bin/../lib/gcc/arm-none-eabi/4.5.2\libgcc.a(_divsi3.o)
 .data          0x0c100074        0x0 c:/software/electronica/arm/eclipsearm/sourcery-g++-lite-arm-2011.03/bin/../lib/gcc/arm-none-eabi/4.5.2\libgcc.a(_dvmd_tls.o)
 *(.rodata*)
                0x0c100074                Image_ZI_Base = .

.bss            0x0c100074        0x4
 *(.bss*)
 .bss           0x0c100074        0x0 ./D8Led.o
 .bss           0x0c100074        0x0 ./gpio.o
 .bss           0x0c100074        0x0 ./init.o
 .bss           0x0c100074        0x0 ./intcontroller.o
 .bss           0x0c100074        0x4 ./leds.o
 .bss           0x0c100078        0x0 ./main.o
 .bss           0x0c100078        0x0 ./timer.o
 .bss           0x0c100078        0x0 ./utils.o
 .bss           0x0c100078        0x0 c:/software/electronica/arm/eclipsearm/sourcery-g++-lite-arm-2011.03/bin/../lib/gcc/arm-none-eabi/4.5.2\libgcc.a(_divsi3.o)
 .bss           0x0c100078        0x0 c:/software/electronica/arm/eclipsearm/sourcery-g++-lite-arm-2011.03/bin/../lib/gcc/arm-none-eabi/4.5.2\libgcc.a(_dvmd_tls.o)
 *(COMMON)
                0x0c100078                Image_ZI_Limit = .

.text           0x0c100078     0x1b2c
 *(.text*)
 .text          0x0c100078       0xdc ./D8Led.o
                0x0c100078                D8Led_init
                0x0c10009c                D8Led_segment
                0x0c1000f8                D8Led_digit
 .text          0x0c100154      0x724 ./gpio.o
                0x0c100154                portB_conf
                0x0c10021c                portB_write
                0x0c1002d8                portG_conf
                0x0c10043c                portG_eint_trig
                0x0c1005ec                portG_read
                0x0c1006b0                portG_conf_pup
                0x0c100778                portG_write
 .text          0x0c100878      0x18c ./init.o
                0x0c100878                start
 .text          0x0c100a04      0x3cc ./intcontroller.o
                0x0c100a04                ic_init
                0x0c100a48                ic_conf_irq
                0x0c100b04                ic_conf_fiq
                0x0c100b88                ic_conf_line
                0x0c100c48                ic_enable
                0x0c100cc4                ic_disable
                0x0c100d28                ic_cleanflag
 .text          0x0c100dd0      0x298 ./leds.o
                0x0c100dd0                leds_init
                0x0c100e14                led1_on
                0x0c100e54                led1_off
                0x0c100e94                led2_on
                0x0c100ed4                led2_off
                0x0c100f14                led1_switch
                0x0c100f54                led2_switch
                0x0c100f94                leds_switch
                0x0c100fd4                leds_display
 .text          0x0c101068      0x2c8 ./main.o
                0x0c101068                timer_ISR
                0x0c101110                button_ISR
                0x0c1011f0                setup
                0x0c10131c                main
 .text          0x0c101330      0x5f0 ./timer.o
                0x0c101330                tmr_set_prescaler
                0x0c1013dc                tmr_set_divider
                0x0c1014b8                tmr_set_count
                0x0c1015ec                tmr_update
                0x0c101698                tmr_set_mode
                0x0c10177c                tmr_start
                0x0c101804                tmr_stop
                0x0c101890                tmr_isrunning
 .text          0x0c101920      0x138 ./utils.o
                0x0c101920                Delay
 .text          0x0c101a58      0x148 c:/software/electronica/arm/eclipsearm/sourcery-g++-lite-arm-2011.03/bin/../lib/gcc/arm-none-eabi/4.5.2\libgcc.a(_divsi3.o)
                0x0c101a58                __divsi3
                0x0c101a58                __aeabi_idiv
                0x0c101b80                __aeabi_idivmod
 .text          0x0c101ba0        0x4 c:/software/electronica/arm/eclipsearm/sourcery-g++-lite-arm-2011.03/bin/../lib/gcc/arm-none-eabi/4.5.2\libgcc.a(_dvmd_tls.o)
                0x0c101ba0                __aeabi_idiv0
                0x0c101ba0                __aeabi_ldiv0
                0x0c101ba4                PROVIDE (end, .)
START GROUP
LOAD c:/software/electronica/arm/eclipsearm/sourcery-g++-lite-arm-2011.03/bin/../lib/gcc/arm-none-eabi/4.5.2\libgcc.a
LOAD c:/software/electronica/arm/eclipsearm/sourcery-g++-lite-arm-2011.03/bin/../lib/gcc/arm-none-eabi/4.5.2/../../../../arm-none-eabi/lib\libg.a
LOAD c:/software/electronica/arm/eclipsearm/sourcery-g++-lite-arm-2011.03/bin/../lib/gcc/arm-none-eabi/4.5.2/../../../../arm-none-eabi/lib\libc.a
LOAD c:/software/electronica/arm/eclipsearm/sourcery-g++-lite-arm-2011.03/bin/../lib/gcc/arm-none-eabi/4.5.2/../../../../arm-none-eabi/lib\libm.a
LOAD c:/software/electronica/arm/eclipsearm/sourcery-g++-lite-arm-2011.03/bin/../lib/gcc/arm-none-eabi/4.5.2/../../../../arm-none-eabi/lib\libnosys.a
END GROUP
OUTPUT(pract2-parte1.elf elf32-littlearm)

.glue_7         0x0c101ba4        0x0
 .glue_7        0x00000000        0x0 linker stubs

.glue_7t        0x0c101ba4        0x0
 .glue_7t       0x00000000        0x0 linker stubs

.vfp11_veneer   0x0c101ba4        0x0
 .vfp11_veneer  0x00000000        0x0 linker stubs

.v4_bx          0x0c101ba4        0x0
 .v4_bx         0x00000000        0x0 linker stubs

.debug_abbrev   0x00000000      0x4a1
 .debug_abbrev  0x00000000       0x88 ./D8Led.o
 .debug_abbrev  0x00000088       0xb7 ./gpio.o
 .debug_abbrev  0x0000013f       0x14 ./init.o
 .debug_abbrev  0x00000153       0xdd ./intcontroller.o
 .debug_abbrev  0x00000230       0x8c ./leds.o
 .debug_abbrev  0x000002bc       0xdb ./main.o
 .debug_abbrev  0x00000397       0xa5 ./timer.o
 .debug_abbrev  0x0000043c       0x65 ./utils.o

.debug_info     0x00000000      0xe2d
 .debug_info    0x00000000       0xdf ./D8Led.o
 .debug_info    0x000000df      0x297 ./gpio.o
 .debug_info    0x00000376       0x60 ./init.o
 .debug_info    0x000003d6      0x29e ./intcontroller.o
 .debug_info    0x00000674      0x150 ./leds.o
 .debug_info    0x000007c4      0x315 ./main.o
 .debug_info    0x00000ad9      0x2d0 ./timer.o
 .debug_info    0x00000da9       0x84 ./utils.o

.debug_line     0x00000000      0x833
 .debug_line    0x00000000       0x6d ./D8Led.o
 .debug_line    0x0000006d       0xf7 ./gpio.o
 .debug_line    0x00000164       0x8f ./init.o
 .debug_line    0x000001f3       0xae ./intcontroller.o
 .debug_line    0x000002a1       0x88 ./leds.o
 .debug_line    0x00000329      0x3bb ./main.o
 .debug_line    0x000006e4       0xe4 ./timer.o
 .debug_line    0x000007c8       0x6b ./utils.o

.debug_macinfo  0x00000000    0x24271
 .debug_macinfo
                0x00000000     0x50a4 ./D8Led.o
 .debug_macinfo
                0x000050a4     0x4bcb ./gpio.o
 .debug_macinfo
                0x00009c6f     0x4bed ./intcontroller.o
 .debug_macinfo
                0x0000e85c     0x4c0e ./leds.o
 .debug_macinfo
                0x0001346a     0x766f ./main.o
 .debug_macinfo
                0x0001aad9     0x4bcc ./timer.o
 .debug_macinfo
                0x0001f6a5     0x4bcc ./utils.o

.debug_loc      0x00000000      0x6b4
 .debug_loc     0x00000000       0x84 ./D8Led.o
 .debug_loc     0x00000084      0x134 ./gpio.o
 .debug_loc     0x000001b8      0x134 ./intcontroller.o
 .debug_loc     0x000002ec      0x18c ./leds.o
 .debug_loc     0x00000478       0xb0 ./main.o
 .debug_loc     0x00000528      0x160 ./timer.o
 .debug_loc     0x00000688       0x2c ./utils.o

.debug_pubnames
                0x00000000      0x2d2
 .debug_pubnames
                0x00000000       0x43 ./D8Led.o
 .debug_pubnames
                0x00000043       0x86 ./gpio.o
 .debug_pubnames
                0x000000c9       0x7d ./intcontroller.o
 .debug_pubnames
                0x00000146       0x93 ./leds.o
 .debug_pubnames
                0x000001d9       0x42 ./main.o
 .debug_pubnames
                0x0000021b       0x9b ./timer.o
 .debug_pubnames
                0x000002b6       0x1c ./utils.o

.debug_pubtypes
                0x00000000      0x19e
 .debug_pubtypes
                0x00000000       0x12 ./D8Led.o
 .debug_pubtypes
                0x00000012       0x43 ./gpio.o
 .debug_pubtypes
                0x00000055       0x43 ./intcontroller.o
 .debug_pubtypes
                0x00000098       0x2c ./leds.o
 .debug_pubtypes
                0x000000c4       0x8f ./main.o
 .debug_pubtypes
                0x00000153       0x39 ./timer.o
 .debug_pubtypes
                0x0000018c       0x12 ./utils.o

.debug_aranges  0x00000000      0x100
 .debug_aranges
                0x00000000       0x20 ./D8Led.o
 .debug_aranges
                0x00000020       0x20 ./gpio.o
 .debug_aranges
                0x00000040       0x20 ./init.o
 .debug_aranges
                0x00000060       0x20 ./intcontroller.o
 .debug_aranges
                0x00000080       0x20 ./leds.o
 .debug_aranges
                0x000000a0       0x20 ./main.o
 .debug_aranges
                0x000000c0       0x20 ./timer.o
 .debug_aranges
                0x000000e0       0x20 ./utils.o

.debug_str      0x00000000      0x4eb
 .debug_str     0x00000000       0x7f ./D8Led.o
                                 0x8c (size before relaxing)
 .debug_str     0x0000007f       0xc3 ./gpio.o
                                0x112 (size before relaxing)
 .debug_str     0x00000142      0x190 ./intcontroller.o
                                0x1fb (size before relaxing)
 .debug_str     0x000002d2       0x73 ./leds.o
                                 0xf0 (size before relaxing)
 .debug_str     0x00000345       0xff ./main.o
                                0x32e (size before relaxing)
 .debug_str     0x00000444       0x7b ./timer.o
                                0x141 (size before relaxing)
 .debug_str     0x000004bf       0x2c ./utils.o
                                 0x65 (size before relaxing)

.comment        0x00000000       0x2a
 .comment       0x00000000       0x2a ./D8Led.o
                                 0x2b (size before relaxing)
 .comment       0x00000000       0x2b ./gpio.o
 .comment       0x00000000       0x2b ./intcontroller.o
 .comment       0x00000000       0x2b ./leds.o
 .comment       0x00000000       0x2b ./main.o
 .comment       0x00000000       0x2b ./timer.o
 .comment       0x00000000       0x2b ./utils.o

.ARM.attributes
                0x00000000       0x30
 .ARM.attributes
                0x00000000       0x32 ./D8Led.o
 .ARM.attributes
                0x00000032       0x32 ./gpio.o
 .ARM.attributes
                0x00000064       0x22 ./init.o
 .ARM.attributes
                0x00000086       0x32 ./intcontroller.o
 .ARM.attributes
                0x000000b8       0x32 ./leds.o
 .ARM.attributes
                0x000000ea       0x32 ./main.o
 .ARM.attributes
                0x0000011c       0x32 ./timer.o
 .ARM.attributes
                0x0000014e       0x32 ./utils.o
 .ARM.attributes
                0x00000180       0x1a c:/software/electronica/arm/eclipsearm/sourcery-g++-lite-arm-2011.03/bin/../lib/gcc/arm-none-eabi/4.5.2\libgcc.a(_divsi3.o)
 .ARM.attributes
                0x0000019a       0x18 c:/software/electronica/arm/eclipsearm/sourcery-g++-lite-arm-2011.03/bin/../lib/gcc/arm-none-eabi/4.5.2\libgcc.a(_dvmd_tls.o)

.debug_frame    0x00000000      0x570
 .debug_frame   0x00000000       0x70 ./D8Led.o
 .debug_frame   0x00000070       0xf0 ./gpio.o
 .debug_frame   0x00000160       0xf0 ./intcontroller.o
 .debug_frame   0x00000250      0x130 ./leds.o
 .debug_frame   0x00000380       0x90 ./main.o
 .debug_frame   0x00000410      0x110 ./timer.o
 .debug_frame   0x00000520       0x30 ./utils.o
 .debug_frame   0x00000550       0x20 c:/software/electronica/arm/eclipsearm/sourcery-g++-lite-arm-2011.03/bin/../lib/gcc/arm-none-eabi/4.5.2\libgcc.a(_divsi3.o)
