15:42:59 **** Incremental Build of configuration Debug for project Practica1 ****
cs-make all 
'Building file: ../main.c'
'Invoking: ARM Sourcery Windows GCC C Compiler'
arm-none-eabi-gcc -O0 -Wall -Wa,-adhlns="main.o.lst" -c -fmessage-length=0 -mapcs-frame -MMD -MP -MF"main.d" -MT"main.d" -mcpu=arm7tdmi -g3 -gdwarf-2 -o "main.o" "../main.c"
'Finished building: ../main.c'
' '
'Building file: ../misc.asm'
'Invoking: ARM Sourcery Windows GCC Assembler'
arm-none-eabi-gcc -x assembler-with-cpp -Wall -Wa,-adhlns="misc.o.lst" -c -fmessage-length=0 -MMD -MP -MF"misc.d" -MT"misc.d" -mcpu=arm7tdmi -g3 -gdwarf-2 -o "misc.o" "../misc.asm"
'Finished building: ../misc.asm'
' '
'Building file: ../trafo.c'
'Invoking: ARM Sourcery Windows GCC C Compiler'
arm-none-eabi-gcc -O0 -Wall -Wa,-adhlns="trafo.o.lst" -c -fmessage-length=0 -mapcs-frame -MMD -MP -MF"trafo.d" -MT"trafo.d" -mcpu=arm7tdmi -g3 -gdwarf-2 -o "trafo.o" "../trafo.c"
'Finished building: ../trafo.c'
' '
'Building target: Practica1.elf'
'Invoking: ARM Sourcery Windows GCC C Linker'
arm-none-eabi-gcc -T"../ld_script.ld" -nostartfiles -L"C:\TARGET\Curso2015-16\Practica1-EC\Practica1-EC_v1\Practica1" -Wl,-Map,Practica1.map -mcpu=arm7tdmi -g3 -gdwarf-2 -o "Practica1.elf"  ./init.o ./lena512color.o ./main.o ./misc.o ./time.o ./trafo.o   -limgarm
'Finished building target: Practica1.elf'
' '
'Invoking: ARM Sourcery Windows GNU Create Flash Image'
arm-none-eabi-objcopy -O binary Practica1.elf  "Practica1.hex"
'Finished building: Practica1.hex'
' '
'Invoking: ARM Sourcery Windows GNU Create Listing'
arm-none-eabi-objdump -h -S Practica1.elf > "Practica1.lst"
'Finished building: Practica1.lst'
' '
'Invoking: ARM Sourcery Windows GNU Print Size'
arm-none-eabi-size  --format=berkeley Practica1.elf
   text	   data	    bss	    dec	    hex	filename
   1624	 786568	 786436	1574628	 1806e4	Practica1.elf
'Finished building: Practica1.siz'
' '
